RTL9300# # bootm 0x82000000
## Booting kernel from Legacy Image at 82000000 ...
   Image Name:   MIPS OpenWrt Linux-5.15.112
   Created:      2023-05-20   8:57:40 UTC
   Image Type:   MIPS Linux Kernel Image (lzma compressed)
   Data Size:    5117788 Bytes = 4.9 MB
   Load Address: 80100000
   Entry Point:  80100000
   Verifying Checksum ... OK
   Uncompressing Kernel Image ... OK

Starting kernel ...

[    0.000000] Linux version 5.15.112 (builder@buildhost) (mips-openwrt-linux-musl-gcc (OpenWrt GCC 12.3.0 r22961+246-76f241ad57) 12.3.0, GNU ld (GNU Binutils) 2.40.0) #0 SMP Sat May 20 08:57:40 2023
[    0.000000] printk: bootconsole [early0] enabled
[    0.000000] CPU0 revision is: 00019555 (MIPS 34Kc)
[    0.000000] SoC: Realtek RTL9303 v1 ([0x93030001] variant: 10G VER: 1 MCID: 0x0 ID: 0x6487)
[    0.000000] MIPS: machine is Trendnet TEG-S750 Switch
[    0.000000] earlycon: ns16550a0 at MMIO 0x18002000 (options '115200n8')
[    0.000000] printk: bootconsole [ns16550a0] enabled
[    0.000000] Initrd not found or empty - disabling initrd
[    0.000000] Calling board specific registration of SMP ops
[    0.000000] Detected 1 available secondary CPU(s)
[    0.000000] Primary instruction cache 32kB, VIPT, 4-way, linesize 32 bytes.
[    0.000000] Primary data cache 32kB, 4-way, PIPT, no aliases, linesize 32 bytes
[    0.000000] Zone ranges:
[    0.000000]   Normal   [mem 0x0000000000000000-0x000000000fffffff]
[    0.000000] Movable zone start for each node
[    0.000000] Early memory node ranges
[    0.000000]   node   0: [mem 0x0000000000000000-0x000000000fffffff]
[    0.000000] Initmem setup node 0 [mem 0x0000000000000000-0x000000000fffffff]
[    0.000000] percpu: Embedded 12 pages/cpu s16784 r8192 d24176 u49152
[    0.000000] pcpu-alloc: s16784 r8192 d24176 u49152 alloc=12*4096
[    0.000000] pcpu-alloc: [0] 0 [0] 1
[    0.000000] Built 1 zonelists, mobility grouping on.  Total pages: 64960
[    0.000000] Kernel command line: earlycon
[    0.000000] Dentry cache hash table entries: 32768 (order: 5, 131072 bytes, linear)
[    0.000000] Inode-cache hash table entries: 16384 (order: 4, 65536 bytes, linear)
[    0.000000] Writing ErrCtl register=00005190
[    0.000000] Readback ErrCtl register=00005190
[    0.000000] mem auto-init: stack:off, heap alloc:off, heap free:off
[    0.000000] Memory: 239212K/262144K available (6941K kernel code, 660K rwdata, 1484K rodata, 10940K init, 226K bss, 22932K reserved, 0K cma-reserved)
[    0.000000] SLUB: HWalign=128, Order=0-3, MinObjects=0, CPUs=2, Nodes=1
[    0.000000] rcu: Hierarchical RCU implementation.
[    0.000000]    Tracing variant of Tasks RCU enabled.
[    0.000000] rcu: RCU calculated value of scheduler-enlistment delay is 10 jiffies.
[    0.000000] NR_IRQS: 256
[    0.000000] rtl83xx-clk: initialized, SW 2450 MHz, CPU 800 MHz, MEM 600 MHz, LXB 175 MHz
[    0.000000] clocksource: realtek_otto_timer: mask: 0xfffffff max_cycles: 0xfffffff, max_idle_ns: 38225208801 ns
[    0.000001] sched_clock: 28 bits at 3125kHz, resolution 320ns, wraps every 42949672800ns
[    0.008917] Failed to request irq 7 (timer)
[    0.013474] clocksource: MIPS: mask: 0xffffffff max_cycles: 0xffffffff, max_idle_ns: 4778151116 ns
[    0.023419] Calibrating delay loop... 531.66 BogoMIPS (lpj=2658304)
[    0.075711] pid_max: default: 32768 minimum: 301
[    0.081778] Mount-cache hash table entries: 1024 (order: 0, 4096 bytes, linear)
[    0.089820] Mountpoint-cache hash table entries: 1024 (order: 0, 4096 bytes, linear)
[    0.103667] rcu: Hierarchical SRCU implementation.
[    0.110087] smp: Bringing up secondary CPUs ...
[    0.116484] Primary instruction cache 32kB, VIPT, 4-way, linesize 32 bytes.
[    0.116523] Primary data cache 32kB, 4-way, PIPT, no aliases, linesize 32 bytes
[    0.116618] CPU1 revision is: 00019555 (MIPS 34Kc)
[    0.168948] Synchronize counters for CPU 1: done.
[    0.195147] smp: Brought up 1 node, 2 CPUs
[    0.205345] clocksource: jiffies: mask: 0xffffffff max_cycles: 0xffffffff, max_idle_ns: 19112604462750000 ns
[    0.216136] futex hash table entries: 512 (order: 4, 65536 bytes, linear)
[    0.223949] pinctrl core: initialized pinctrl subsystem
[    0.231769] NET: Registered PF_NETLINK/PF_ROUTE protocol family
[    0.244041] FPU Affinity set after 10620 emulations
[    0.271269] rtl83xx-clk lexra-busp:clock-controller: rate setting enabled, SW 2450-2450 MHz, CPU 400-975 MHz, MEM 600-600 MHz, LXB 175-175 MHz, OVERCLOCK AT OWN RISK
[    0.288192] usbcore: registered new interface driver usbfs
[    0.294377] usbcore: registered new interface driver hub
[    0.300315] usbcore: registered new device driver usb
[    0.308076] clocksource: Switched to clocksource realtek_otto_timer
[    0.316929] NET: Registered PF_INET protocol family
[    0.322591] IP idents hash table entries: 4096 (order: 3, 32768 bytes, linear)
[    0.331957] tcp_listen_portaddr_hash hash table entries: 512 (order: 0, 6144 bytes, linear)
[    0.341184] Table-perturb hash table entries: 65536 (order: 6, 262144 bytes, linear)
[    0.349732] TCP established hash table entries: 2048 (order: 1, 8192 bytes, linear)
[    0.358273] TCP bind hash table entries: 2048 (order: 2, 16384 bytes, linear)
[    0.366115] TCP: Hash tables configured (established 2048 bind 2048)
[    0.373321] UDP hash table entries: 256 (order: 1, 8192 bytes, linear)
[    0.380571] UDP-Lite hash table entries: 256 (order: 1, 8192 bytes, linear)
[    0.388801] NET: Registered PF_UNIX/PF_LOCAL protocol family
[    0.399427] workingset: timestamp_bits=14 max_order=16 bucket_order=2
[    0.418243] squashfs: version 4.0 (2009/01/31) Phillip Lougher
[    0.424698] jffs2: version 2.2 (NAND) (SUMMARY) (ZLIB) (LZMA) (RTIME) (CMODE_PRIORITY) (c) 2001-2006 Red Hat, Inc.
[    0.439769] Block layer SCSI generic (bsg) driver version 0.4 loaded (major 252)
[    0.451802] pinctrl-single 1b00cc00.pinmux: 32 pins, size 4
[    0.461890] Serial: 8250/16550 driver, 16 ports, IRQ sharing enabled
[    0.475939] printk: console [ttyS0] disabled
[    0.480926] 18002000.uart: ttyS0 at MMIO 0x18002000 (irq = 30, base_baud = 10937500) is a 16550A
[    0.490783] printk: console [ttyS0] enabled
[    0.490783] printk: console [ttyS0] enabled
[    0.500280] printk: bootconsole [early0] disabled
[    0.500280] printk: bootconsole [early0] disabled
[    0.510928] printk: bootconsole [ns16550a0] disabled
[    0.510928] printk: bootconsole [ns16550a0] disabled
[    0.572282] brd: module loaded
[    0.580292] spi-nor spi0.0: mx25l12805d (16384 Kbytes)
[    0.586249] 3 fixed-partitions partitions found on MTD device spi0.0
[    0.593707] OF: Bad cell count for /lexra-busp/spi@18001200/flash@0/partitions
[    0.602005] OF: Bad cell count for /lexra-busp/spi@18001200/flash@0/partitions
[    0.610945] Creating 3 MTD partitions on "spi0.0":
[    0.616343] 0x000000000000-0x0000000e0000 : "u-boot"
[    0.624092] 0x0000000e0000-0x0000000f0000 : "u-boot-env"
[    0.632251] 0x0000000f0000-0x000001000000 : "firmware"
[    0.733394] Probing RTL838X eth device pdev: 82096600, dev: 82096610
[    0.805968] Found SoC ID: 9303: RTL9303 v1 ([0x93030001] variant: 10G VER: 1 MCID: 0x0 ID: 0x6487), family 9300
[    0.817857] Using MAC 000000e04c000000
[    1.343506] rtk_gen1_hcd_cs_init: rtk_gen1_hcd_cs_init()!
[    1.349694] usb_phy_configure_process: usb_phy_configure_process()!
[    1.357287] ehci_hcd: USB 2.0 'Enhanced' Host Controller (EHCI) Driver
[    1.364667] ehci-platform: EHCI generic platform driver
[    1.371208] ohci_hcd: USB 1.1 'Open' Host Controller (OHCI) Driver
[    1.378257] ohci-platform: OHCI generic platform driver
[    1.384858] i2c_dev: i2c /dev entries driver
[    1.391087] rtl9300_i2c_mux_probe probing I2C adapter
[    1.403219] leds-gpio leds: Led green:activity renamed to green:activity_1 due to name collision
[    1.413450] leds-gpio leds: Led green:activity renamed to green:activity_2 due to name collision
[    1.423726] leds-gpio leds: Led green:activity renamed to green:activity_3 due to name collision
[    1.434074] leds-gpio leds: Led green:activity renamed to green:activity_4 due to name collision
[    1.480200] realtek-crypto 1800c000.crypto: 32 KB buffer, max 16 requests of up to 8192 bytes
[    1.489822] realtek-crypto 1800c000.crypto: ready for AES/SHA1/MD5 crypto acceleration
[    1.501526] NET: Registered PF_INET6 protocol family
[    1.510117] Segment Routing with IPv6
[    1.514306] In-situ OAM (IOAM) with IPv6
[    1.518921] NET: Registered PF_PACKET protocol family
[    1.524689] bridge: filtering via arp/ip/ip6tables is no longer available by default. Update your scripts to load br_netfilter if you need this.
[    1.539683] 8021q: 802.1Q VLAN Support v1.8
[    1.568896] rtl93xx_setup called
[    1.572546] In rtl83xx_vlan_setup
[    1.576224] In rtl930x_vlan_profile_setup
[    1.580769] In rtl930x_vlan_profile_setup
[    1.585264] UNKNOWN_MC_PMASK: 000000001fffffff
[    1.590326] VLAN 0: L2 learn: 0; Unknown MC PMasks: L2 1fffffff, IPv4 1fffffff, IPv6: 1fffffff
[    1.590357]   Routing enabled: IPv4 UC y, IPv6 UC y, IPv4 MC y, IPv6 MC y
[    1.607528]   Bridge enabled: IPv4 MC n, IPv6 MC n,
[    1.613015] VLAN profile 0: raw 00033000 00000000 1fffffff 1fffffff 1fffffff
[    2.648112] ################# rtl83xx_enable_phy_polling:          3110100
[    2.655782] rtl930x_pie_init
[    2.659246] rtl930x_led_init called
[    2.663255] rtl930x_led_init No compatible LED node found
[    2.669689] rtl83xx-switch lexra-bus0:switch@1b000000: configuring for fixed/internal link mode
[    2.679495] rtl930x_phylink_mac_config port 28, mode 1, phy-mode: internal, speed 1000, link 0
[    2.689539] rtl930x_phylink_mac_config port 28, mode 1, phy-mode: internal, speed 1000, link 1
[    2.690078] rtl83xx-switch lexra-bus0:switch@1b000000 lan1 (uninitialized): PHY [mdio-bus:08] driver [Generic Clause 45 PHY] (irq=POLL)
[    2.699305] rtl83xx-switch lexra-bus0:switch@1b000000: Link is Up - 1Gbps/Full - flow control off
[    2.724146] rtl83xx-switch lexra-bus0:switch@1b000000 lan2 (uninitialized): PHY [mdio-bus:10] driver [Generic Clause 45 PHY] (irq=POLL)
[    2.741149] rtl83xx-switch lexra-bus0:switch@1b000000 lan3 (uninitialized): PHY [mdio-bus:14] driver [Generic Clause 45 PHY] (irq=POLL)
[    2.757994] rtl83xx-switch lexra-bus0:switch@1b000000 lan4 (uninitialized): PHY [mdio-bus:18] driver [Generic Clause 45 PHY] (irq=POLL)
[    2.774931] rtl83xx-switch lexra-bus0:switch@1b000000 lan5 (uninitialized): PHY [mdio-bus:19] driver [Generic Clause 45 PHY] (irq=POLL)
[    2.790956] DSA: tree 0 setup
[    2.794419] LINK state irq: 23
[    2.797890] rtl930x_switch_irq link faults: 0fffffff
[    2.797950] In rtl83xx_setup_qos
[    2.803491] rtl930x_switch_irq link faults: 0fffffff
[    2.803527] rtl930x_switch_irq link faults: 0fffffff
[    2.807177] L3_IPUC_ROUTE_CTRL 00002000, IPMC_ROUTE 0000077e, IP6UC_ROUTE 00014400, IP6MC_ROUTE 0001db7e
[    2.812648] rtl930x_switch_irq link faults: 0fffffff
[    2.834330] L3_IPUC_ROUTE_CTRL 00002001, IPMC_ROUTE 00000501, IP6UC_ROUTE 00014581, IP6MC_ROUTE 00012881
[    2.844948] L3_IP_ROUTE_CTRL 0000013f
[    2.849220] rtl930x_dbgfs_init called
[    2.853568] rtl83xx_fib_event_work_do: FIB4 default rule failed
[    2.855122] rtl9300_i2c_mux_probe probing I2C adapter
[    2.860318] rtl83xx_fib_event_work_do: FIB4 default rule failed
[    2.874038] rtl9300_i2c_mux_probe probing I2C adapter
[    2.928662] Freeing unused kernel image (initmem) memory: 10940K
[    2.935368] This architecture does not have kernel memory protection.
[    2.942620] Run /init as init process
[    2.946705]   with arguments:
[    2.950047]     /init
[    2.952586]   with environment:
[    2.956070]     HOME=/
[    2.958752]     TERM=linux
[    3.508704] init: Console is alive
[    3.513197] init: - watchdog -
[    3.538705] kmodloader: loading kernel modules from /etc/modules-boot.d/*
[    3.550775] gpio-keys: probe of keys failed with error -2
[    3.559341] kmodloader: done loading kernel modules from /etc/modules-boot.d/*
[    3.569110] init: - preinit -
[    3.866688] random: jshn: uninitialized urandom read (4 bytes read)
[    3.975131] random: jshn: uninitialized urandom read (4 bytes read)
Unable to find valid (label) MAC address, using random
[    4.355246] random: hexdump: uninitialized urandom read (1029 bytes read)
[    4.803415] RESETTING 9300, CPU_PORT 28
[    5.040314] rtl838x-eth 1b00a300.ethernet eth0: configuring for fixed/internal link mode
[    5.049414] In rtl838x_mac_config, mode 1
[    5.054678] rtl83xx-switch lexra-bus0:switch@1b000000 lan1: configuring for phy/usxgmii link mode
[    5.064647] rtl930x_phylink_mac_config port 8, mode 0, phy-mode: usxgmii, speed -1, link 0
[    5.073923] rtl930x_phylink_mac_config SDS is 3
[    5.079022] rtl930x_phylink_mac_config: Unsupported speed: -1
[    5.085567] 8021q: adding VLAN 0 to HW filter on device lan1
[    5.092299] In rtl838x_mac_link_up, mode 1
[    5.096972] rtl838x-eth 1b00a300.ethernet eth0: Link is Up - 1Gbps/Full - flow control off
[    5.106387] ------------[ cut here ]------------
[    5.111684] WARNING: CPU: 0 PID: 312 at drivers/net/phy/phy.c:955 phy_state_machine+0xb0/0x2b8
[    5.115273] rtl83xx_fib_event_work_do: FIB4 failed
[    5.121444] Modules linked in: gpio_button_hotplug crc32c_generic
[    5.121490] CPU: 0 PID: 312 Comm: kworker/0:3 Not tainted 5.15.112 #0
[    5.121527] Workqueue: events_power_efficient phy_state_machine
[    5.147375] Stack : 00000000 00000000 00000000 00000004 8087ae68 827bfd14 82142680 8014c9a8
[    5.156740]         80950000 827bfd5b 827bfb6c 827bfb60 804e9138 00000001 827bfd20 82048d00
[    5.166115]         00000000 00000000 8087ae68 827bfb60 ffffefff 00000000 00000000 ffffffea
[    5.175480]         000000b7 827bfb6c 000000b7 8095b780 8087ae68 00000001 00000000 804e91e8
[    5.184844]         00000009 00000000 8170f805 821426c0 00000018 80488ad8 00000000 81490000
[    5.194210]         ...
[    5.196947] Call Trace:
[    5.199661] [<80107280>] show_stack+0x28/0xf0
[    5.204552] [<804244e0>] dump_stack_lvl+0x60/0x80
[    5.209811] [<8012eeec>] __warn+0x9c/0x124
[    5.214415] [<8012efd0>] warn_slowpath_fmt+0x5c/0xac
[    5.219959] [<804e91e8>] phy_state_machine+0xb0/0x2b8
[    5.225615] [<8014a714>] process_one_work+0x268/0x4a8
[    5.231272] [<8014af04>] worker_thread+0x15c/0x5c0
[    5.236629] [<80152d00>] kthread+0x134/0x13c
[    5.241409] [<80101c58>] ret_from_kernel_thread+0x14/0x1c
[    5.247444]
[    5.249256] ---[ end trace 41030215a1374c23 ]---
[    5.249367] rtl83xx_fib_event_work_do: FIB4 failed
[    5.259959] IPv6: ADDRCONF(NETDEV_CHANGE): eth0: link becomes ready
[    5.267076] rtl83xx_fib_event: FIB_RULE ADD/DEL for IPv6 not supported
[    5.274660] rtl83xx_fib_event: FIB_RULE ADD/DEL for IPv6 not supported
[    5.283586] rtl83xx_fib_event_work_do: FIB4 failed
Press the [f] key and hit [enter] to enter failsafe mode
Press the [1], [2], [3] or [4] key and hit [enter] to select the debug level
[    6.888163] rtl83xx_fib_event: FIB_RULE ADD/DEL for IPv6 not supported
[    7.425344] rtl83xx_fib4_del: no such gateway: 0.0.0.0
[    7.431771] rtl83xx_fib4_del: no such gateway: 0.0.0.0
[    7.437589] rtl83xx_fib4_del: no such gateway: 0.0.0.0
[    7.450755] ------------[ cut here ]------------
[    7.455912] WARNING: CPU: 0 PID: 519 at drivers/net/phy/phy.c:1079 phy_stop+0x60/0x1d8
[    7.464881] called from state HALTED
[    7.468971] Modules linked in: gpio_button_hotplug crc32c_generic
[    7.475785] CPU: 0 PID: 519 Comm: ip Tainted: G        W         5.15.112 #0
[    7.483627] Stack : 824ddb58 801894c8 00000000 00000004 00000000 00000000 824dd6dc 81490000
[    7.492969]         80950000 8087ae68 823b2b68 80955b63 00000000 00000001 824dd688 82048d00
[    7.502298]         00000000 00000000 8087ae68 824dd528 ffffefff 00000000 00000000 ffffffea
[    7.511628]         000000d7 824dd534 000000d7 8095b780 8087ae68 00000001 00000000 804e9450
[    7.520958]         00000009 824ddc58 824df210 80903440 00000018 80488ad8 00000000 81490000
[    7.530288]         ...
[    7.533008] Call Trace:
[    7.535720] [<80107280>] show_stack+0x28/0xf0
[    7.540590] [<804244e0>] dump_stack_lvl+0x60/0x80
[    7.545841] [<8012eeec>] __warn+0x9c/0x124
[    7.550419] [<8012f000>] warn_slowpath_fmt+0x8c/0xac
[    7.555953] [<804e9450>] phy_stop+0x60/0x1d8
[    7.560714] [<804e33a8>] phylink_stop+0x44/0xd0
[    7.565765] [<807b0474>] dsa_port_disable_rt+0x34/0xc8
[    7.571492] [<807b2794>] dsa_slave_close+0x24/0xf4
[    7.576842] [<805b65bc>] __dev_close_many+0x9c/0x114
[    7.582386] [<805c59d8>] __dev_change_flags+0x190/0x224
[    7.588221] [<805c5a94>] dev_change_flags+0x28/0x70
[    7.593658] [<805d6e54>] do_setlink+0x2d4/0xb80
[    7.598710] [<805d7d8c>] __rtnl_newlink+0x500/0x884
[    7.604148] [<805d8160>] rtnl_newlink+0x50/0x84
[    7.609191] [<805d52fc>] rtnetlink_rcv_msg+0x1fc/0x3e4
[    7.614917] [<80640d74>] netlink_rcv_skb+0xb4/0x160
[    7.620345] [<80640338>] netlink_unicast+0x24c/0x384
[    7.625880] [<80640798>] netlink_sendmsg+0x328/0x498
[    7.631405] [<80590ce8>] ____sys_sendmsg+0xc4/0x240
[    7.636852] [<80592c34>] ___sys_sendmsg+0x90/0x108
[    7.642192] [<80592db0>] sys_sendmsg+0x4c/0xb8
[    7.647147] [<80112110>] syscall_common+0x34/0x58
[    7.652394]
[    7.654164] ---[ end trace 41030215a1374c24 ]---
[    7.671340] procd: - early -
[    7.674917] procd: - watchdog -
[    8.311061] procd: - watchdog -
[    8.315153] procd: - ubus -
[    8.328383] random: ubusd: uninitialized urandom read (4 bytes read)
[    8.369136] random: ubusd: uninitialized urandom read (4 bytes read)
[    8.377357] random: ubusd: uninitialized urandom read (4 bytes read)
[    8.390354] procd: - init -
Please press Enter to activate this console.
[    8.997192] kmodloader: loading kernel modules from /etc/modules.d/*
[    9.015201] GACT probability on
[    9.021121] Mirror/redirect action on
[    9.040849] u32 classifier
[    9.043883]     input device check on
[    9.047952]     Actions configured
[    9.181586] kmodloader: done loading kernel modules from /etc/modules.d/*
[    9.273390] urngd: v1.0.2 started.
[    9.470716] random: crng init done
[    9.474544] random: 24 urandom warning(s) missed due to ratelimiting
[   12.434112] rtl83xx_fib_event: FIB_RULE ADD/DEL for IPv6 not supported



BusyBox v1.36.0 (2023-05-20 08:57:40 UTC) built-in shell (ash)

  _______                     ________        __
 |       |.-----.-----.-----.|  |  |  |.----.|  |_
 |   -   ||  _  |  -__|     ||  |  |  ||   _||   _|
 |_______||   __|_____|__|__||________||__|  |____|
          |__| W I R E L E S S   F R E E D O M
 -----------------------------------------------------
 OpenWrt SNAPSHOT, r22962+254-cf19fd0cb5
 -----------------------------------------------------
=== WARNING! =====================================
There is no root password defined on this device!
Use the "passwd" command to set up a new password
in order to prevent unauthorized SSH logins.
--------------------------------------------------
root@OpenWrt:/#
root@OpenWrt:/#
root@OpenWrt:/#
root@OpenWrt:/# ip l
1: lo: <LOOPBACK> mtu 65536 qdisc noop state DOWN mode DEFAULT group default qlen 1000
    link/loopback 00:00:00:00:00:00 brd 00:00:00:00:00:00
2: eth0: <BROADCAST,MULTICAST,UP,LOWER_UP> mtu 1500 qdisc mq state UP mode DEFAULT group default qlen 1000
    link/ether 00:e0:4c:00:00:00 brd ff:ff:ff:ff:ff:ff
3: lan1@eth0: <BROADCAST,MULTICAST> mtu 1500 qdisc noqueue state DOWN mode DEFAULT group default qlen 1000
    link/ether 00:e0:4c:00:00:00 brd ff:ff:ff:ff:ff:ff
4: lan2@eth0: <BROADCAST,MULTICAST> mtu 1500 qdisc noop state DOWN mode DEFAULT group default qlen 1000
    link/ether 00:e0:4c:00:00:00 brd ff:ff:ff:ff:ff:ff
5: lan3@eth0: <BROADCAST,MULTICAST> mtu 1500 qdisc noop state DOWN mode DEFAULT group default qlen 1000
    link/ether 00:e0:4c:00:00:00 brd ff:ff:ff:ff:ff:ff
6: lan4@eth0: <BROADCAST,MULTICAST> mtu 1500 qdisc noop state DOWN mode DEFAULT group default qlen 1000
    link/ether 00:e0:4c:00:00:00 brd ff:ff:ff:ff:ff:ff
7: lan5@eth0: <BROADCAST,MULTICAST> mtu 1500 qdisc noop state DOWN mode DEFAULT group default qlen 1000
    link/ether 00:e0:4c:00:00:00 brd ff:ff:ff:ff:ff:ff
root@OpenWrt:/#
root@OpenWrt:/#
root@OpenWrt:/# [   55.691076] rtl83xx_fib_event: FIB_RULE ADD/DEL for IPv6 not supported
[   55.739053] in rtl838x_eth_stop
[   55.742692] In rtl838x_mac_link_down, mode 1
[   55.747495] rtl838x-eth 1b00a300.ethernet eth0: Link is Down
[   56.318569] rtl83xx_fib_event: FIB_RULE ADD/DEL for IPv6 not supported
[   56.326115] rtl83xx_fib_event: FIB_RULE ADD/DEL for IPv6 not supported
[   56.333697] rtl83xx_fib_event: FIB_RULE ADD/DEL for IPv6 not supported
[   56.341166] rtl83xx_fib_event: FIB_RULE ADD/DEL for IPv6 not supported
[   56.387166] Using MAC 0000815c4c000000
[   56.392760] RESETTING 9300, CPU_PORT 28
[   56.630861] rtl838x-eth 1b00a300.ethernet eth0: configuring for fixed/internal link mode
[   56.640104] In rtl838x_mac_config, mode 1
[   56.645132] In rtl838x_mac_link_up, mode 1
[   56.649874] rtl838x-eth 1b00a300.ethernet eth0: Link is Up - 1Gbps/Full - flow control off
[   56.664977] IPv6: ADDRCONF(NETDEV_CHANGE): eth0: link becomes ready
[   56.672225] rtl83xx_fib_event: FIB_RULE ADD/DEL for IPv6 not supported
[   56.679829] rtl83xx_fib_event: FIB_RULE ADD/DEL for IPv6 not supported
[   56.704060] device eth0 entered promiscuous mode
[   56.709408] rtl83xx-switch lexra-bus0:switch@1b000000 lan1: configuring for phy/usxgmii link mode
[   56.719505] rtl930x_phylink_mac_config port 8, mode 0, phy-mode: usxgmii, speed -1, link 0
[   56.728863] rtl930x_phylink_mac_config SDS is 3
[   56.733983] rtl930x_phylink_mac_config: Unsupported speed: -1
[   56.740816] 8021q: adding VLAN 0 to HW filter on device lan1
[   56.748560] ------------[ cut here ]------------
[   56.753756] WARNING: CPU: 0 PID: 312 at drivers/net/phy/phy.c:955 phy_state_machine+0xb0/0x2b8
[   56.763537] Modules linked in: nft_fib_inet nf_flow_table_ipv6 nf_flow_table_ipv4 nf_flow_table_inet nft_reject_ipv6 nft_reject_ipv4 nft_reject_inet nft_reject nft_redir nft_quota nft_objref nft_numgen nft_nat nft_masq nft_log nft_limit nft_hash nft_flow_offload nft_fib_ipv6 nft_fib_ipv4 nft_fib nft_ct nft_counter nft_chain_nat nf_tables nf_nat nf_flow_table nf_conntrack lzo nfnetlink nf_reject_ipv6 nf_reject_ipv4 nf_log_syslog nf_defrag_ipv6 nf_defrag_ipv4 lzo_rle lzo_decompress lzo_compress libcrc32c sch_tbf sch_ingress sch_htb sch_hfsc em_u32 cls_u32 cls_route cls_matchall cls_fw cls_flow cls_basic act_skbedit act_mirred act_gact crypto_acompress gpio_button_hotplug crc32c_generic
[   56.831502] CPU: 0 PID: 312 Comm: kworker/0:3 Tainted: G        W         5.15.112 #0
[   56.840274] Workqueue: events_power_efficient phy_state_machine
[   56.846913] Stack : 80960000 8018947c 00000000 00000004 8087ae68 827bfd14 82142680 8014c9a8
[   56.856271]         80950000 827bfd5b 00000001 827bfb60 804e9138 00000001 827bfd20 82048d00
[   56.865646]         00000000 00000000 8087ae68 827bfb60 ffffefff 00000000 00000000 ffffffea
[   56.875019]         00000125 827bfb6c 00000125 8095b780 8087ae68 00000001 00000000 804e91e8
[   56.884394]         00000009 00000000 8170f805 821426c0 00000018 80488ad8 00000000 81490000
[   56.893768]         ...
[   56.896504] Call Trace:
[   56.899218] [<80107280>] show_stack+0x28/0xf0
[   56.904109] [<804244e0>] dump_stack_lvl+0x60/0x80
[   56.909369] [<8012eeec>] __warn+0x9c/0x124
[   56.913971] [<8012efd0>] warn_slowpath_fmt+0x5c/0xac
[   56.919517] [<804e91e8>] phy_state_machine+0xb0/0x2b8
[   56.925172] [<8014a714>] process_one_work+0x268/0x4a8
[   56.930830] [<8014af04>] worker_thread+0x15c/0x5c0
[   56.936187] [<80152d00>] kthread+0x134/0x13c
[   56.940968] [<80101c58>] ret_from_kernel_thread+0x14/0x1c
[   56.947001]
[   56.948916] ---[ end trace 41030215a1374c25 ]---
[   56.949764] switch0: port 1(lan1) entered blocking state
[   56.960170] switch0: port 1(lan1) entered disabled state
[   56.967720] device lan1 entered promiscuous mode
[   57.001308] device switch0 entered promiscuous mode
[   57.011424] rtl930x_set_l3_egress_intf writing to index 0: 00000201 10101492
[   57.027853] rtl83xx_fib_event: FIB_RULE ADD/DEL for IPv6 not supported
[   57.041868] rtl83xx_fib_event: FIB_RULE ADD/DEL for IPv6 not supported
[   57.101789] rtl83xx-switch lexra-bus0:switch@1b000000 lan2: configuring for phy/usxgmii link mode
[   57.111901] rtl930x_phylink_mac_config port 16, mode 0, phy-mode: usxgmii, speed -1, link 0
[   57.121354] rtl930x_phylink_mac_config SDS is 4
[   57.126465] rtl930x_phylink_mac_config: Unsupported speed: -1
[   57.133369] 8021q: adding VLAN 0 to HW filter on device lan2
[   57.141159] ------------[ cut here ]------------
[   57.146376] WARNING: CPU: 0 PID: 312 at drivers/net/phy/phy.c:955 phy_state_machine+0xb0/0x2b8
[   57.156212] Modules linked in: nft_fib_inet nf_flow_table_ipv6 nf_flow_table_ipv4 nf_flow_table_inet nft_reject_ipv6 nft_reject_ipv4 nft_reject_inet nft_reject nft_redir nft_quota nft_objref nft_numgen nft_nat nft_masq nft_log nft_limit nft_hash nft_flow_offload nft_fib_ipv6 nft_fib_ipv4 nft_fib nft_ct nft_counter nft_chain_nat nf_tables nf_nat nf_flow_table nf_conntrack lzo nfnetlink nf_reject_ipv6 nf_reject_ipv4 nf_log_syslog nf_defrag_ipv6 nf_defrag_ipv4 lzo_rle lzo_decompress lzo_compress libcrc32c sch_tbf sch_ingress sch_htb sch_hfsc em_u32 cls_u32 cls_route cls_matchall cls_fw cls_flow cls_basic act_skbedit act_mirred act_gact crypto_acompress gpio_button_hotplug crc32c_generic
[   57.224214] CPU: 0 PID: 312 Comm: kworker/0:3 Tainted: G        W         5.15.112 #0
[   57.232991] Workqueue: events_power_efficient phy_state_machine
[   57.239633] Stack : 80960000 8018947c 00000000 00000004 8087ae68 827bfd14 82142680 8014c9a8
[   57.249004]         80950000 827bfd5b 00000001 827bfb60 804e9138 00000001 827bfd20 82048d00
[   57.258378]         00000000 00000000 8087ae68 827bfb60 ffffefff 00000000 00000000 ffffffea
[   57.267740]         00000148 827bfb6c 00000148 8095b780 8087ae68 00000001 00000000 804e91e8
[   57.277100]         00000009 00000000 8170f805 821426c0 00000018 80488ad8 00000000 81490000
[   57.286465]         ...
[   57.289206] Call Trace:
[   57.291931] [<80107280>] show_stack+0x28/0xf0
[   57.296807] [<804244e0>] dump_stack_lvl+0x60/0x80
[   57.302068] [<8012eeec>] __warn+0x9c/0x124
[   57.306670] [<8012efd0>] warn_slowpath_fmt+0x5c/0xac
[   57.312215] [<804e91e8>] phy_state_machine+0xb0/0x2b8
[   57.317861] [<8014a714>] process_one_work+0x268/0x4a8
[   57.323519] [<8014af04>] worker_thread+0x15c/0x5c0
[   57.328882] [<80152d00>] kthread+0x134/0x13c
[   57.333667] [<80101c58>] ret_from_kernel_thread+0x14/0x1c
[   57.339689]
[   57.341515] ---[ end trace 41030215a1374c26 ]---
[   57.359034] switch0: port 2(lan2) entered blocking state
[   57.365050] switch0: port 2(lan2) entered disabled state
[   57.382738] device lan2 entered promiscuous mode
[   57.418706] rtl83xx-switch lexra-bus0:switch@1b000000 lan3: configuring for phy/usxgmii link mode
[   57.428765] rtl930x_phylink_mac_config port 20, mode 0, phy-mode: usxgmii, speed -1, link 0
[   57.438218] rtl930x_phylink_mac_config SDS is 5
[   57.443307] rtl930x_phylink_mac_config: Unsupported speed: -1
[   57.450095] 8021q: adding VLAN 0 to HW filter on device lan3
[   57.461374] switch0: port 3(lan3) entered blocking state
[   57.467382] switch0: port 3(lan3) entered disabled state
[   57.476241] device lan3 entered promiscuous mode
[   57.507136] rtl83xx-switch lexra-bus0:switch@1b000000 lan4: configuring for phy/usxgmii link mode
[   57.517184] rtl930x_phylink_mac_config port 24, mode 0, phy-mode: usxgmii, speed -1, link 0
[   57.526712] rtl930x_phylink_mac_config SDS is 6
[   57.531918] rtl930x_phylink_mac_config: Unsupported speed: -1
[   57.538761] 8021q: adding VLAN 0 to HW filter on device lan4
[   57.547665] switch0: port 4(lan4) entered blocking state
[   57.553858] switch0: port 4(lan4) entered disabled state
[   57.562622] device lan4 entered promiscuous mode
[   57.571935] ------------[ cut here ]------------
[   57.577124] WARNING: CPU: 0 PID: 312 at drivers/net/phy/phy.c:955 phy_state_machine+0xb0/0x2b8
[   57.586956] Modules linked in: nft_fib_inet nf_flow_table_ipv6 nf_flow_table_ipv4 nf_flow_table_inet nft_reject_ipv6 nft_reject_ipv4 nft_reject_inet nft_reject nft_redir nft_quota nft_objref nft_numgen nft_nat nft_masq nft_log nft_limit nft_hash nft_flow_offload nft_fib_ipv6 nft_fib_ipv4 nft_fib nft_ct nft_counter nft_chain_nat nf_tables nf_nat nf_flow_table nf_conntrack lzo nfnetlink nf_reject_ipv6 nf_reject_ipv4 nf_log_syslog nf_defrag_ipv6 nf_defrag_ipv4 lzo_rle lzo_decompress lzo_compress libcrc32c sch_tbf sch_ingress sch_htb sch_hfsc em_u32 cls_u32 cls_route cls_matchall cls_fw cls_flow cls_basic act_skbedit act_mirred act_gact crypto_acompress gpio_button_hotplug crc32c_generic
[   57.654911] CPU: 0 PID: 312 Comm: kworker/0:3 Tainted: G        W         5.15.112 #0
[   57.663680] Workqueue: events_power_efficient phy_state_machine
[   57.670343] Stack : 80960000 8018947c 00000000 00000004 8087ae68 827bfd14 82142680 8014c9a8
[   57.678707] rtl83xx-switch lexra-bus0:switch@1b000000 lan5: configuring for phy/usxgmii link mode
[   57.679798]         80950000 827bfd5b 00000001 827bfb60 804e9138 00000001 827bfd20 82048d00
[   57.689741] rtl930x_phylink_mac_config port 25, mode 0, phy-mode: usxgmii, speed -1, link 0
[   57.698995]         00000000 00000000 8087ae68 827bfb60 ffffefff 00000000 00000000 ffffffea
[   57.699053]
[   57.708367] rtl930x_phylink_mac_config SDS is 7
[   57.717604]  00000172
[   57.719975] rtl930x_phylink_mac_config: Unsupported speed: -1
[   57.724951]  827bfb6c
[   57.727664] 8021q: adding VLAN 0 to HW filter on device lan5
[   57.733847]  00000172 8095b780 8087ae68 00000001 00000000 804e91e8
[   57.733898]         00000009 00000000 8170f805 821426c0 00000018
[   57.736829] ------------[ cut here ]------------
[   57.742719]  80488ad8 00000000 81490000
[   57.742748]         ...
[   57.742763] Call Trace:
[   57.742770] [<80107280>] show_stack+0x28/0xf0
[   57.749700] WARNING: CPU: 1 PID: 22 at drivers/net/phy/phy.c:955 phy_state_machine+0xb0/0x2b8
[   57.756326] [<804244e0>] dump_stack_lvl+0x60/0x80
[   57.761497] Modules linked in:
[   57.765699] [<8012eeec>] __warn+0x9c/0x124
[   57.768457]  nft_fib_inet
[   57.771116] [<8012efd0>] warn_slowpath_fmt+0x5c/0xac
[   57.775946]  nf_flow_table_ipv6
[   57.785419] [<804e91e8>] phy_state_machine+0xb0/0x2b8
[   57.785450] [<8014a714>] process_one_work+0x268/0x4a8
[   57.790752]  nf_flow_table_ipv4
[   57.794092] [<8014af04>] worker_thread+0x15c/0x5c0
[   57.798686]  nf_flow_table_inet
[   57.801537] [<80152d00>] kthread+0x134/0x13c
[   57.807042]  nft_reject_ipv6
[   57.810520] [<80101c58>] ret_from_kernel_thread+0x14/0x1c
[   57.810546]
[   57.810638] ---[ end trace 41030215a1374c27 ]---
[   57.816208]  nft_reject_ipv4
[   57.831127] ------------[ cut here ]------------
[   57.834381]  nft_reject_inet nft_reject
[   57.839238] WARNING: CPU: 0 PID: 312 at drivers/net/phy/phy.c:955 phy_state_machine+0xb0/0x2b8
[   57.842444]  nft_redir
[   57.848507] Modules linked in: nft_fib_inet nf_flow_table_ipv6 nf_flow_table_ipv4 nf_flow_table_inet nft_reject_ipv6 nft_reject_ipv4
[   57.850210]  nft_quota
[   57.855333]  nft_reject_inet
[   57.858592]  nft_objref
[   57.863717]  nft_reject
[   57.867964]  nft_numgen nft_nat
[   57.877593]  nft_redir
[   57.880267]  nft_masq nft_log nft_limit nft_hash nft_flow_offload nft_fib_ipv6 nft_fib_ipv4 nft_fib nft_ct nft_counter nft_chain_nat nf_tables nf_nat nf_flow_table
[   57.893676]  nft_quota
[   57.896299]  nf_conntrack
[   57.899537]  nft_objref
[   57.902248]  lzo
[   57.904951]  nft_numgen
[   57.908550]  nfnetlink
[   57.911149]  nft_nat nft_masq
[   57.927450]  nf_reject_ipv6
[   57.930145]  nft_log
[   57.933048]  nf_reject_ipv4
[   57.935750]  nft_limit
[   57.937777]  nf_log_syslog
[   57.940545]  nft_hash nft_flow_offload nft_fib_ipv6 nft_fib_ipv4
[   57.943194]  nf_defrag_ipv6
[   57.946475]  nft_fib
[   57.949628]  nf_defrag_ipv4
[   57.952050]  nft_ct
[   57.955139]  lzo_rle
[   57.957763]  nft_counter
[   57.960795]  lzo_decompress
[   57.967472]  nft_chain_nat
[   57.970623]  lzo_compress libcrc32c sch_tbf sch_ingress
[   57.973080]  nf_tables
[   57.976168]  sch_htb
[   57.978548]  nf_nat
[   57.980970]  sch_hfsc
[   57.983770]  nf_flow_table
[   57.986860]  em_u32
[   57.989915]  nf_conntrack
[   57.995717]  cls_u32
[   57.998384]  lzo nfnetlink nf_reject_ipv6 nf_reject_ipv4
[   58.000843]  cls_route
[   58.003158]  nf_log_syslog
[   58.005669]  cls_matchall
[   58.008749]  nf_defrag_ipv6
[   58.011068]  cls_fw
[   58.013962]  nf_defrag_ipv4
[   58.016377]  cls_flow
[   58.022332]  lzo_rle
[   58.024953]  cls_basic
[   58.027946]  lzo_decompress
[   58.030903]  act_skbedit act_mirred act_gact crypto_acompress
[   58.034038]  lzo_compress
[   58.036353]  gpio_button_hotplug
[   58.039519]  libcrc32c
[   58.042033]  crc32c_generic
[   58.044446]  sch_tbf
[   58.047053]
[   58.050207]  sch_ingress
[   58.056600] CPU: 1 PID: 22 Comm: kworker/1:1 Tainted: G        W         5.15.112 #0
[   58.059542]  sch_htb
[   58.063069] Workqueue: events_power_efficient phy_state_machine
[   58.065688]  sch_hfsc
[   58.068777]
[   58.068784] Stack : 80960000 8018947c 00000000 00000004 8087ae68 820f5d14 82105b80 8014c9a8
[   58.068845]         80950000
[   58.071270]  em_u32
[   58.072912]  820f5d5b
[   58.075710]  cls_u32 cls_route
[   58.084313]  00000001 80487bd8 804e9138 00000001 820f5d20 82048680
[   58.084352]         00000000 00000000 8087ae68 00000002 00000002
[   58.086806]  cls_matchall
[   58.093371]  00000000 00000001 8095b758
[   58.093393]         00000000 fffc69f8 fffe0000 ffffffff 8087ae68 00000001 00000000 804e91e8
[   58.093451]         00000009 00000040 8171b805 82105bc0 00000018 80488ad8 00000004
[   58.096006]  cls_fw
[   58.097645]  81490004
[   58.106996]  cls_flow
[   58.110109]
[   58.110113]         ...
[   58.110129] Call Trace:
[   58.110137] [<80107280>] show_stack+0x28/0xf0
[   58.112517]  cls_basic
[   58.115029] [<804244e0>] dump_stack_lvl+0x60/0x80
[   58.118460]  act_skbedit
[   58.125263] [<8012eeec>] __warn+0x9c/0x124
[   58.131996]  act_mirred
[   58.134831] [<8012efd0>] warn_slowpath_fmt+0x5c/0xac
[   58.139138]  act_gact
[   58.148367] [<804e91e8>] phy_state_machine+0xb0/0x2b8
[   58.148417] [<8014a714>] process_one_work+0x268/0x4a8
[   58.148477] [<8014af04>] worker_thread+0x15c/0x5c0
[   58.148501] [<80152d00>] kthread+0x134/0x13c
[   58.156902]  crypto_acompress
[   58.159218] [<80101c58>] ret_from_kernel_thread+0x14/0x1c
[   58.159242]
[   58.159380] ---[ end trace 41030215a1374c28 ]---
[   58.161854]  gpio_button_hotplug
[   58.198681] switch0: port 5(lan5) entered blocking state
[   58.200296]  crc32c_generic
[   58.202745] switch0: port 5(lan5) entered disabled state
[   58.208469]
[   58.225788] device lan5 entered promiscuous mode
[   58.227639] CPU: 0 PID: 312 Comm: kworker/0:3 Tainted: G        W         5.15.112 #0
[   58.274402] Workqueue: events_power_efficient phy_state_machine
[   58.281032] Stack : 80960000 8018947c 00000000 00000004 8087ae68 827bfd14 82142680 8014c9a8
[   58.290404]         80950000 827bfd5b 00000001 827bfb60 804e9138 00000001 827bfd20 82048d00
[   58.299778]         00000000 00000000 8087ae68 827bfb60 ffffefff 00000000 00000000 ffffffea
[   58.309143]         00000201 827bfb6c 00000201 8095b780 8087ae68 00000001 00000000 804e91e8
[   58.318517]         00000009 00000000 8170f805 821426c0 00000018 80488ad8 00000000 81490000
[   58.327887]         ...
[   58.330614] Call Trace:
[   58.333340] [<80107280>] show_stack+0x28/0xf0
[   58.338219] [<804244e0>] dump_stack_lvl+0x60/0x80
[   58.343487] [<8012eeec>] __warn+0x9c/0x124
[   58.348074] [<8012efd0>] warn_slowpath_fmt+0x5c/0xac
[   58.353631] [<804e91e8>] phy_state_machine+0xb0/0x2b8
[   58.359284] [<8014a714>] process_one_work+0x268/0x4a8
[   58.364947] [<8014af04>] worker_thread+0x15c/0x5c0
[   58.370299] [<80152d00>] kthread+0x134/0x13c
[   58.375084] [<80101c58>] ret_from_kernel_thread+0x14/0x1c
[   58.381114]
[   58.382967] ---[ end trace 41030215a1374c29 ]---
[   58.400632] rtl83xx_fib_event: FIB_RULE ADD/DEL for IPv6 not supported
[   58.525024] rtl83xx_fib_event: FIB_RULE ADD/DEL for IPv6 not supported
[   58.532604] rtl83xx_fib_event: FIB_RULE ADD/DEL for IPv6 not supported

root@OpenWrt:/#
root@OpenWrt:/#
root@OpenWrt:/# ip l
1: lo: <LOOPBACK,UP,LOWER_UP> mtu 65536 qdisc noqueue state UNKNOWN mode DEFAULT group default qlen 1000
    link/loopback 00:00:00:00:00:00 brd 00:00:00:00:00:00
2: eth0: <BROADCAST,MULTICAST,UP,LOWER_UP> mtu 1500 qdisc mq state UP mode DEFAULT group default qlen 1000
    link/ether ce:a0:42:33:81:5c brd ff:ff:ff:ff:ff:ff permaddr 00:e0:4c:00:00:00
3: lan1@eth0: <NO-CARRIER,BROADCAST,MULTICAST,UP> mtu 1500 qdisc noqueue master switch0 state LOWERLAYERDOWN mode DEFAULT group default qlen 1000
    link/ether ce:a0:42:33:81:5d brd ff:ff:ff:ff:ff:ff permaddr 00:e0:4c:00:00:00
4: lan2@eth0: <NO-CARRIER,BROADCAST,MULTICAST,UP> mtu 1500 qdisc noqueue master switch0 state LOWERLAYERDOWN mode DEFAULT group default qlen 1000
    link/ether ce:a0:42:33:81:5e brd ff:ff:ff:ff:ff:ff permaddr 00:e0:4c:00:00:00
5: lan3@eth0: <NO-CARRIER,BROADCAST,MULTICAST,UP> mtu 1500 qdisc noqueue master switch0 state LOWERLAYERDOWN mode DEFAULT group default qlen 1000
    link/ether ce:a0:42:33:81:5f brd ff:ff:ff:ff:ff:ff permaddr 00:e0:4c:00:00:00
6: lan4@eth0: <NO-CARRIER,BROADCAST,MULTICAST,UP> mtu 1500 qdisc noqueue master switch0 state LOWERLAYERDOWN mode DEFAULT group default qlen 1000
    link/ether ce:a0:42:33:81:60 brd ff:ff:ff:ff:ff:ff permaddr 00:e0:4c:00:00:00
7: lan5@eth0: <NO-CARRIER,BROADCAST,MULTICAST,UP> mtu 1500 qdisc noqueue master switch0 state LOWERLAYERDOWN mode DEFAULT group default qlen 1000
    link/ether ce:a0:42:33:81:61 brd ff:ff:ff:ff:ff:ff permaddr 00:e0:4c:00:00:00
8: switch0: <NO-CARRIER,BROADCAST,MULTICAST,UP> mtu 1500 qdisc noqueue state DOWN mode DEFAULT group default qlen 1000
    link/ether ce:a0:42:33:81:5c brd ff:ff:ff:ff:ff:ff
9: switch0.1@switch0: <NO-CARRIER,BROADCAST,MULTICAST,UP> mtu 1500 qdisc noqueue state LOWERLAYERDOWN mode DEFAULT group default qlen 1000
    link/ether ce:a0:42:33:81:5d brd ff:ff:ff:ff:ff:ff
root@OpenWrt:/#